---
http_interactions:
- request:
    method: post
    uri: http://localhost:5000/api/v1/users
    body:
      encoding: UTF-8
      string: '{"name":"Bob","email":"myong@kuhn-adams.info","password":"password","password_confirmation":"password"}'
    headers:
      User-Agent:
      - Faraday v1.9.3
      Content-Type:
      - application/json
      Accept-Encoding:
      - gzip;q=1.0,deflate;q=0.6,identity;q=0.3
      Accept:
      - "*/*"
  response:
    status:
      code: 200
      message: OK
    headers:
      Content-Type:
      - application/json; charset=utf-8
      Etag:
      - W/"f33ac8ea32135d95eedb1a833876d51c"
      Cache-Control:
      - max-age=0, private, must-revalidate
      X-Request-Id:
      - 63c0095a-2939-497f-8b79-063d4f0d0411
      X-Runtime:
      - '0.313035'
      Transfer-Encoding:
      - chunked
    body:
      encoding: UTF-8
      string: '{"data":{"id":"22","type":"user","attributes":{"email":"myong@kuhn-adams.info","name":"Bob","google_id":null,"address_line1":null,"address_line2":null,"address_city":null,"address_state":null,"address_zip":null}}}'
  recorded_at: Sat, 29 Jan 2022 15:44:49 GMT
- request:
    method: get
    uri: http://localhost:5000/api/v1/users/22
    body:
      encoding: US-ASCII
      string: ''
    headers:
      User-Agent:
      - Faraday v1.9.3
      Accept-Encoding:
      - gzip;q=1.0,deflate;q=0.6,identity;q=0.3
      Accept:
      - "*/*"
  response:
    status:
      code: 200
      message: OK
    headers:
      Content-Type:
      - application/json; charset=utf-8
      Etag:
      - W/"f33ac8ea32135d95eedb1a833876d51c"
      Cache-Control:
      - max-age=0, private, must-revalidate
      X-Request-Id:
      - d8c139fa-dc35-4cf0-a9e1-fe24be9ff3b5
      X-Runtime:
      - '0.001984'
      Transfer-Encoding:
      - chunked
    body:
      encoding: UTF-8
      string: '{"data":{"id":"22","type":"user","attributes":{"email":"myong@kuhn-adams.info","name":"Bob","google_id":null,"address_line1":null,"address_line2":null,"address_city":null,"address_state":null,"address_zip":null}}}'
  recorded_at: Sat, 29 Jan 2022 15:44:49 GMT
- request:
    method: post
    uri: http://localhost:5000/api/v1/sessions
    body:
      encoding: UTF-8
      string: '{"email":"myong@kuhn-adams.info","password":"password"}'
    headers:
      User-Agent:
      - Faraday v1.9.3
      Content-Type:
      - application/json
      Accept-Encoding:
      - gzip;q=1.0,deflate;q=0.6,identity;q=0.3
      Accept:
      - "*/*"
  response:
    status:
      code: 200
      message: OK
    headers:
      Content-Type:
      - application/json; charset=utf-8
      Etag:
      - W/"f33ac8ea32135d95eedb1a833876d51c"
      Cache-Control:
      - max-age=0, private, must-revalidate
      X-Request-Id:
      - bfbecbe4-760d-4759-abd9-5ab587cb44a7
      X-Runtime:
      - '0.262734'
      Transfer-Encoding:
      - chunked
    body:
      encoding: UTF-8
      string: '{"data":{"id":"22","type":"user","attributes":{"email":"myong@kuhn-adams.info","name":"Bob","google_id":null,"address_line1":null,"address_line2":null,"address_city":null,"address_state":null,"address_zip":null}}}'
  recorded_at: Sat, 29 Jan 2022 15:44:49 GMT
- request:
    method: get
    uri: http://localhost:5000/api/v1/users/22
    body:
      encoding: US-ASCII
      string: ''
    headers:
      User-Agent:
      - Faraday v1.9.3
      Accept-Encoding:
      - gzip;q=1.0,deflate;q=0.6,identity;q=0.3
      Accept:
      - "*/*"
  response:
    status:
      code: 200
      message: OK
    headers:
      Content-Type:
      - application/json; charset=utf-8
      Etag:
      - W/"f33ac8ea32135d95eedb1a833876d51c"
      Cache-Control:
      - max-age=0, private, must-revalidate
      X-Request-Id:
      - 8cf65801-9127-42cd-8df0-52f5f9e92478
      X-Runtime:
      - '0.002375'
      Transfer-Encoding:
      - chunked
    body:
      encoding: UTF-8
      string: '{"data":{"id":"22","type":"user","attributes":{"email":"myong@kuhn-adams.info","name":"Bob","google_id":null,"address_line1":null,"address_line2":null,"address_city":null,"address_state":null,"address_zip":null}}}'
  recorded_at: Sat, 29 Jan 2022 15:44:49 GMT
recorded_with: VCR 6.0.0
