---
http_interactions:
- request:
    method: post
    uri: http://localhost:5000/api/v1/users
    body:
      encoding: UTF-8
      string: '{"name":"Bob","email":"salley_greenfelder@parisian.io","password":"password","password_confirmation":"password"}'
    headers:
      User-Agent:
      - Faraday v1.9.3
      Content-Type:
      - application/json
      Accept-Encoding:
      - gzip;q=1.0,deflate;q=0.6,identity;q=0.3
      Accept:
      - "*/*"
  response:
    status:
      code: 200
      message: OK
    headers:
      Content-Type:
      - application/json; charset=utf-8
      Etag:
      - W/"8918e739685225c24e5579138a5166a0"
      Cache-Control:
      - max-age=0, private, must-revalidate
      X-Request-Id:
      - c477e5a2-e41f-405c-83f9-ff6918a4deee
      X-Runtime:
      - '0.268488'
      Transfer-Encoding:
      - chunked
    body:
      encoding: UTF-8
      string: '{"data":{"id":"84","type":"user","attributes":{"email":"salley_greenfelder@parisian.io","name":"Bob","google_id":null,"address_line1":null,"address_line2":null,"address_city":null,"address_state":null,"address_zip":null}}}'
  recorded_at: Wed, 16 Mar 2022 03:23:42 GMT
- request:
    method: get
    uri: http://localhost:5000/api/v1/users/84
    body:
      encoding: US-ASCII
      string: ''
    headers:
      User-Agent:
      - Faraday v1.9.3
      Accept-Encoding:
      - gzip;q=1.0,deflate;q=0.6,identity;q=0.3
      Accept:
      - "*/*"
  response:
    status:
      code: 200
      message: OK
    headers:
      Content-Type:
      - application/json; charset=utf-8
      Etag:
      - W/"8918e739685225c24e5579138a5166a0"
      Cache-Control:
      - max-age=0, private, must-revalidate
      X-Request-Id:
      - 005bbf17-be76-4aef-a2bc-44da6032d0a9
      X-Runtime:
      - '0.005318'
      Transfer-Encoding:
      - chunked
    body:
      encoding: UTF-8
      string: '{"data":{"id":"84","type":"user","attributes":{"email":"salley_greenfelder@parisian.io","name":"Bob","google_id":null,"address_line1":null,"address_line2":null,"address_city":null,"address_state":null,"address_zip":null}}}'
  recorded_at: Wed, 16 Mar 2022 03:23:42 GMT
- request:
    method: post
    uri: http://localhost:5000/api/v1/sessions
    body:
      encoding: UTF-8
      string: '{"email":"","password":"password"}'
    headers:
      User-Agent:
      - Faraday v1.9.3
      Content-Type:
      - application/json
      Accept-Encoding:
      - gzip;q=1.0,deflate;q=0.6,identity;q=0.3
      Accept:
      - "*/*"
  response:
    status:
      code: 401
      message: Unauthorized
    headers:
      Content-Type:
      - application/json; charset=utf-8
      Cache-Control:
      - no-cache
      X-Request-Id:
      - f8d09637-4f24-4549-999a-f7a8f26c6792
      X-Runtime:
      - '0.001831'
      Transfer-Encoding:
      - chunked
    body:
      encoding: UTF-8
      string: '{"error":"Invalid Credentials"}'
  recorded_at: Wed, 16 Mar 2022 03:23:42 GMT
recorded_with: VCR 6.0.0
