---
http_interactions:
- request:
    method: post
    uri: http://localhost:5000/api/v1/users
    body:
      encoding: UTF-8
      string: '{"name":"Bob","email":"jae@weissnat.info","password":"password","password_confirmation":"password"}'
    headers:
      User-Agent:
      - Faraday v1.9.3
      Content-Type:
      - application/json
      Accept-Encoding:
      - gzip;q=1.0,deflate;q=0.6,identity;q=0.3
      Accept:
      - "*/*"
  response:
    status:
      code: 200
      message: OK
    headers:
      Content-Type:
      - application/json; charset=utf-8
      Etag:
      - W/"56167b2b1c5910484f5414f7e0f5694a"
      Cache-Control:
      - max-age=0, private, must-revalidate
      X-Request-Id:
      - 815cbfbe-bef4-4b40-880e-0b0fef4517ce
      X-Runtime:
      - '0.305277'
      Transfer-Encoding:
      - chunked
    body:
      encoding: UTF-8
      string: '{"data":{"id":"179","type":"user","attributes":{"email":"jae@weissnat.info","name":"Bob","google_id":null,"address_line1":null,"address_line2":null,"address_city":null,"address_state":null,"address_zip":null}}}'
  recorded_at: Tue, 22 Mar 2022 18:54:30 GMT
- request:
    method: get
    uri: http://localhost:5000/api/v1/users/179
    body:
      encoding: US-ASCII
      string: ''
    headers:
      User-Agent:
      - Faraday v1.9.3
      Accept-Encoding:
      - gzip;q=1.0,deflate;q=0.6,identity;q=0.3
      Accept:
      - "*/*"
  response:
    status:
      code: 200
      message: OK
    headers:
      Content-Type:
      - application/json; charset=utf-8
      Etag:
      - W/"56167b2b1c5910484f5414f7e0f5694a"
      Cache-Control:
      - max-age=0, private, must-revalidate
      X-Request-Id:
      - 475100ce-8246-4dde-b4e4-43c8460634ad
      X-Runtime:
      - '0.005189'
      Transfer-Encoding:
      - chunked
    body:
      encoding: UTF-8
      string: '{"data":{"id":"179","type":"user","attributes":{"email":"jae@weissnat.info","name":"Bob","google_id":null,"address_line1":null,"address_line2":null,"address_city":null,"address_state":null,"address_zip":null}}}'
  recorded_at: Tue, 22 Mar 2022 18:54:30 GMT
- request:
    method: post
    uri: http://localhost:5000/api/v1/sessions
    body:
      encoding: UTF-8
      string: '{"email":"","password":"password"}'
    headers:
      User-Agent:
      - Faraday v1.9.3
      Content-Type:
      - application/json
      Accept-Encoding:
      - gzip;q=1.0,deflate;q=0.6,identity;q=0.3
      Accept:
      - "*/*"
  response:
    status:
      code: 401
      message: Unauthorized
    headers:
      Content-Type:
      - application/json; charset=utf-8
      Cache-Control:
      - no-cache
      X-Request-Id:
      - 93ccc194-c419-47ee-852e-11f951f2ddd2
      X-Runtime:
      - '0.002634'
      Transfer-Encoding:
      - chunked
    body:
      encoding: UTF-8
      string: '{"error":"Invalid Credentials"}'
  recorded_at: Tue, 22 Mar 2022 18:54:30 GMT
recorded_with: VCR 6.0.0
