---
http_interactions:
- request:
    method: post
    uri: http://localhost:5000/api/v1/users
    body:
      encoding: UTF-8
      string: '{"email":"warren_lebsack@bosco.info","name":"Alex"}'
    headers:
      User-Agent:
      - Faraday v1.9.3
      Content-Type:
      - application/json
      Accept-Encoding:
      - gzip;q=1.0,deflate;q=0.6,identity;q=0.3
      Accept:
      - "*/*"
  response:
    status:
      code: 200
      message: OK
    headers:
      Content-Type:
      - application/json; charset=utf-8
      Etag:
      - W/"cf59bd4b9fb7f2c9b2ca865f2511c500"
      Cache-Control:
      - max-age=0, private, must-revalidate
      X-Request-Id:
      - 0e27f62c-2615-41f6-9533-0dae3ff34061
      X-Runtime:
      - '0.006358'
      Transfer-Encoding:
      - chunked
    body:
      encoding: UTF-8
      string: '{"data":{"id":"36","type":"user","attributes":{"email":"warren_lebsack@bosco.info","name":"Alex","google_id":null,"address_line1":null,"address_line2":null,"address_city":null,"address_state":null,"address_zip":null}}}'
  recorded_at: Mon, 07 Feb 2022 00:15:37 GMT
- request:
    method: get
    uri: http://localhost:5000/api/v1/users/36
    body:
      encoding: US-ASCII
      string: ''
    headers:
      User-Agent:
      - Faraday v1.9.3
      Accept-Encoding:
      - gzip;q=1.0,deflate;q=0.6,identity;q=0.3
      Accept:
      - "*/*"
  response:
    status:
      code: 200
      message: OK
    headers:
      Content-Type:
      - application/json; charset=utf-8
      Etag:
      - W/"cf59bd4b9fb7f2c9b2ca865f2511c500"
      Cache-Control:
      - max-age=0, private, must-revalidate
      X-Request-Id:
      - e1c823db-879d-4b44-9d7a-248e7cd2b69e
      X-Runtime:
      - '0.003433'
      Transfer-Encoding:
      - chunked
    body:
      encoding: UTF-8
      string: '{"data":{"id":"36","type":"user","attributes":{"email":"warren_lebsack@bosco.info","name":"Alex","google_id":null,"address_line1":null,"address_line2":null,"address_city":null,"address_state":null,"address_zip":null}}}'
  recorded_at: Mon, 07 Feb 2022 00:15:37 GMT
- request:
    method: patch
    uri: http://localhost:5000/api/v1/users/36
    body:
      encoding: UTF-8
      string: '{"address_line1":"12012 Starboard Dr","address_line2":"Apt 205","address_city":"Reston","address_state":"VA","address_zip":"20194"}'
    headers:
      User-Agent:
      - Faraday v1.9.3
      Content-Type:
      - application/json
      Accept-Encoding:
      - gzip;q=1.0,deflate;q=0.6,identity;q=0.3
      Accept:
      - "*/*"
  response:
    status:
      code: 200
      message: OK
    headers:
      Content-Type:
      - application/json; charset=utf-8
      Etag:
      - W/"0fb38466e272f7f6ec3c31a5808e3370"
      Cache-Control:
      - max-age=0, private, must-revalidate
      X-Request-Id:
      - 24317383-bf7d-4ceb-b49d-a474493100e8
      X-Runtime:
      - '0.410655'
      Transfer-Encoding:
      - chunked
    body:
      encoding: UTF-8
      string: '{"data":{"id":"36","type":"user","attributes":{"email":"warren_lebsack@bosco.info","name":"Alex","google_id":null,"address_line1":"12012
        Starboard Dr","address_line2":"Apt 205","address_city":"Reston","address_state":"VA","address_zip":"20194"}}}'
  recorded_at: Mon, 07 Feb 2022 00:15:38 GMT
- request:
    method: get
    uri: http://localhost:5000/api/v1/users/36
    body:
      encoding: US-ASCII
      string: ''
    headers:
      User-Agent:
      - Faraday v1.9.3
      Accept-Encoding:
      - gzip;q=1.0,deflate;q=0.6,identity;q=0.3
      Accept:
      - "*/*"
  response:
    status:
      code: 200
      message: OK
    headers:
      Content-Type:
      - application/json; charset=utf-8
      Etag:
      - W/"0fb38466e272f7f6ec3c31a5808e3370"
      Cache-Control:
      - max-age=0, private, must-revalidate
      X-Request-Id:
      - 131fbdb1-4774-4608-a2cf-aa5df3c225c7
      X-Runtime:
      - '0.001862'
      Transfer-Encoding:
      - chunked
    body:
      encoding: UTF-8
      string: '{"data":{"id":"36","type":"user","attributes":{"email":"warren_lebsack@bosco.info","name":"Alex","google_id":null,"address_line1":"12012
        Starboard Dr","address_line2":"Apt 205","address_city":"Reston","address_state":"VA","address_zip":"20194"}}}'
  recorded_at: Mon, 07 Feb 2022 00:15:38 GMT
- request:
    method: get
    uri: http://localhost:5000/api/v1/users/36/representatives
    body:
      encoding: US-ASCII
      string: ''
    headers:
      User-Agent:
      - Faraday v1.9.3
      Accept-Encoding:
      - gzip;q=1.0,deflate;q=0.6,identity;q=0.3
      Accept:
      - "*/*"
  response:
    status:
      code: 200
      message: OK
    headers:
      Content-Type:
      - application/json; charset=utf-8
      Etag:
      - W/"7fdfd589da714849e9c477f16b171a0e"
      Cache-Control:
      - max-age=0, private, must-revalidate
      X-Request-Id:
      - 651228fa-65e8-476a-a68f-c8f0b05d2b24
      X-Runtime:
      - '0.393043'
      Transfer-Encoding:
      - chunked
    body:
      encoding: UTF-8
      string: '{"data":[{"id":"0","type":"representative","attributes":{"address_city":"Washington","address_line1":"1600
        Pennsylvania Avenue Northwest","address_state":"DC","address_zip":"20500","name":"Joseph
        R. Biden","title":"President of the United States","photo_url":null}},{"id":"1","type":"representative","attributes":{"address_city":"Washington","address_line1":"1600
        Pennsylvania Avenue Northwest","address_state":"DC","address_zip":"20500","name":"Kamala
        D. Harris","title":"Vice President of the United States","photo_url":null}},{"id":"2","type":"representative","attributes":{"address_city":"Washington","address_line1":"703
        Hart Senate Office Building","address_state":"DC","address_zip":"20510","name":"Mark
        R. Warner","title":"U.S. Senator","photo_url":"http://bioguide.congress.gov/bioguide/photo/W/W000805.jpg"}},{"id":"3","type":"representative","attributes":{"address_city":"Washington","address_line1":"231
        Russell Senate Office Building","address_state":"DC","address_zip":"20510","name":"Tim
        Kaine","title":"U.S. Senator","photo_url":"http://bioguide.congress.gov/bioguide/photo/K/K000384.jpg"}},{"id":"4","type":"representative","attributes":{"address_city":"Washington","address_line1":"2238
        Rayburn House Office Building","address_state":"DC","address_zip":"20515","name":"Gerald
        E. \"Gerry\" Connolly","title":"U.S. Representative","photo_url":"http://bioguide.congress.gov/bioguide/photo/C/C001078.jpg"}},{"id":"5","type":"representative","attributes":{"address_city":"Richmond","address_line1":"P.O.
        Box 1475","address_state":"VA","address_zip":"23218","name":"Glenn Youngkin","title":"Governor
        of Virginia","photo_url":null}},{"id":"6","type":"representative","attributes":{"address_city":"Richmond","address_line1":"P.O.
        Box 1475","address_state":"VA","address_zip":"23218","name":"Winsome Earle-Sears","title":"Lieutenant
        Governor of Virginia","photo_url":null}},{"id":"7","type":"representative","attributes":{"address_city":"Richmond","address_line1":"202
        North 9th Street","address_state":"VA","address_zip":"23219","name":"Jason
        S. Miyares","title":"VA Attorney General","photo_url":null}},{"id":"8","type":"representative","attributes":{"address_city":"Richmond","address_line1":"900
        East Main Street","address_state":"VA","address_zip":"23219","name":"Janet
        D. Howell","title":"VA State Senator","photo_url":"http://apps.lis.virginia.gov/senatepics/newbiopics/Howell32.jpg"}},{"id":"9","type":"representative","attributes":{"address_city":"Richmond","address_line1":"900
        East Main Street","address_state":"VA","address_zip":"23219","name":"Kenneth
        R. Plum","title":"VA State Delegate","photo_url":"http://virginiageneralassembly.gov/house/members/photos/36.jpg"}},{"id":"10","type":"representative","attributes":{"address_city":"Fairfax","address_line1":"12000
        Government Center Parkway","address_state":"VA","address_zip":"22035","name":"Jeffrey
        C. McKay","title":"Fairfax County Supervisor","photo_url":null}},{"id":"11","type":"representative","attributes":{"address_city":"Fairfax","address_line1":"12000
        Government Center Parkway","address_state":"VA","address_zip":"22035","name":"Walter
        L. Alcorn","title":"Fairfax County Supervisor","photo_url":null}}]}'
  recorded_at: Mon, 07 Feb 2022 00:15:38 GMT
recorded_with: VCR 6.0.0
